src/components/ScriptEditor.tsx(453,133): error TS2322: Type '{ size: number; style: { color: string; }; className: string; title: string; }' is not assignable to type 'IntrinsicAttributes & LucideProps'.
  Property 'title' does not exist on type 'IntrinsicAttributes & LucideProps'.
